netlabadmin@microcloud1:~$ ./microcloud-setup.sh
lxd (5.21/stable) 5.21.2-2f4ba6b from Canonical✓ installed
microceph (quincy/stable) 0+git.4a608fc from Canonical✓ installed
microovn (22.03/stable) 22.03.3+snapcad8ee9dc5 from Canonical✓ installed
microcloud 1.1-04a1c49 from Canonical✓ installed
General refreshes of "lxd", "microceph", "microovn", "microcloud" held indefinitely
netlabadmin@microcloud1:~$ ./microcloud-init.sh
Waiting for LXD to start...
Select an address for MicroCloud's internal traffic:

 Using address "10.33.19.51" for MicroCloud

Limit search for other MicroCloud servers to 10.33.19.51/20? (yes/no) [default=yes]:
Scanning for eligible servers ...

 Selected "microcloud1" at "10.33.19.51"
 Selected "microcloud3" at "10.33.19.53"
 Selected "microcloud2" at "10.33.19.52"

Would you like to set up local storage? (yes/no) [default=yes]:
Select exactly one disk from each cluster member:

Select which disks to wipe:

 Using "/dev/disk/by-id/wwn-0x5000039fe5f357de" on "microcloud1" for local storage pool
 Using "/dev/disk/by-id/wwn-0x5000039fe5f364ce" on "microcloud2" for local storage pool
 Using "/dev/disk/by-id/wwn-0x5000039fe5f364ab" on "microcloud3" for local storage pool

Would you like to set up distributed storage? (yes/no) [default=yes]:
Select from the available unpartitioned disks:

Select which disks to wipe:

 Using 1 disk(s) on "microcloud1" for remote storage pool
 Using 1 disk(s) on "microcloud3" for remote storage pool
 Using 1 disk(s) on "microcloud2" for remote storage pool

Configure distributed networking? (yes/no) [default=yes]:
Select exactly one network interface from each cluster member:

 Using "enx2887bac0f856" on "microcloud2" for OVN uplink
 Using "enx2887bac0f07c" on "microcloud1" for OVN uplink
 Using "enx2887bac0ed89" on "microcloud3" for OVN uplink

Specify the IPv4 gateway (CIDR) on the uplink network (empty to skip IPv4): 10.32.16.1/20
Specify the first IPv4 address in the range to use with LXD: 10.33.19.54
Specify the last IPv4 address in the range to use with LXD: 10.33.19.59
Specify the IPv6 gateway (CIDR) on the uplink network (empty to skip IPv6):
Initializing a new cluster
 Local MicroCloud is ready
 Local LXD is ready
 Local MicroOVN is ready
 Local MicroCeph is ready
Awaiting cluster formation ...
 Peer "microcloud2" has joined the cluster
 Peer "microcloud3" has joined the cluster
Configuring cluster-wide devices ...
Error: Failed allocating uplink port IPs on network "UPLINK": Failed to parse uplink IPv4 OVN ranges: IP range "10.33.19.54-10.33.19.59" does not fall within any of the allowed networks [10.32.16.0/20]
netlabadmin@microcloud1:~$ ^C
netlabadmin@microcloud1:~$ lxc network set UPLINK dns.nameservers=10.33.16.100
If this is your first time running LXD on this machine, you should also run: lxd init
To start your first container, try: lxc launch ubuntu:24.04
Or for a virtual machine: lxc launch ubuntu:24.04 --vm

netlabadmin@microcloud1:~$ lxc launch ubuntu:24.04 u1
Creating u1
Error: Failed instance creation: Failed creating instance record: Failed initialising instance: Failed getting root disk: No root device could be found
netlabadmin@microcloud1:~$ lxc launch ubuntu:24.04 u1 --storage local
Creating u1
Error: Failed instance creation: Failed creating instance record: Failed initialising instance: Failed add validation for device "root": Pool "local" is pending
netlabadmin@microcloud1:~$ lxc storage list
+--------+--------+-------------+---------+---------+
|  NAME  | DRIVER | DESCRIPTION | USED BY |  STATE  |
+--------+--------+-------------+---------+---------+
| local  | zfs    |             | 0       | PENDING |
+--------+--------+-------------+---------+---------+
| remote | ceph   |             | 0       | PENDING |
+--------+--------+-------------+---------+---------+
netlabadmin@microcloud1:~$ lxc storage list
+--------+--------+-----------------------------+---------+---------+
|  NAME  | DRIVER |         DESCRIPTION         | USED BY |  STATE  |
+--------+--------+-----------------------------+---------+---------+
| local  | zfs    | Local storage on ZFS        | 6       | CREATED |
+--------+--------+-----------------------------+---------+---------+
| remote | ceph   | Distributed storage on Ceph | 1       | CREATED |
+--------+--------+-----------------------------+---------+---------+
netlabadmin@microcloud1:~$ lxc launch ubuntu:24.04 container1
Creating container1
Starting container1                         
netlabadmin@microcloud1:~$ lxc launch ubuntu:22.04 container2 --storage local
Creating container2
Starting container2                         
netlabadmin@microcloud1:~$ lxc launch ubuntu:22.04 vm1 --vm
Creating vm1
Starting vm1                                  
netlabadmin@microcloud1:~$ lxc list
+------------+---------+---------------------+-----------------------------------------------+-----------------+-----------+-------------+
|    NAME    |  STATE  |        IPV4         |                     IPV6                      |      TYPE       | SNAPSHOTS |  LOCATION   |
+------------+---------+---------------------+-----------------------------------------------+-----------------+-----------+-------------+
| container1 | RUNNING | 10.37.77.2 (eth0)   | fd42:bd9:f08f:124:216:3eff:feb7:20dc (eth0)   | CONTAINER       | 0         | microcloud1 |
+------------+---------+---------------------+-----------------------------------------------+-----------------+-----------+-------------+
| container2 | RUNNING | 10.37.77.3 (eth0)   | fd42:bd9:f08f:124:216:3eff:fead:f605 (eth0)   | CONTAINER       | 0         | microcloud3 |
+------------+---------+---------------------+-----------------------------------------------+-----------------+-----------+-------------+
| vm1        | RUNNING | 10.37.77.4 (enp5s0) | fd42:bd9:f08f:124:216:3eff:fe6e:c012 (enp5s0) | VIRTUAL-MACHINE | 0         | microcloud2 |
+------------+---------+---------------------+-----------------------------------------------+-----------------+-----------+-------------+
netlabadmin@microcloud1:~$ lxc list
+------------+---------+---------------------+-----------------------------------------------+-----------------+-----------+-------------+
|    NAME    |  STATE  |        IPV4         |                     IPV6                      |      TYPE       | SNAPSHOTS |  LOCATION   |
+------------+---------+---------------------+-----------------------------------------------+-----------------+-----------+-------------+
| container1 | RUNNING | 10.37.77.2 (eth0)   | fd42:bd9:f08f:124:216:3eff:feb7:20dc (eth0)   | CONTAINER       | 0         | microcloud1 |
+------------+---------+---------------------+-----------------------------------------------+-----------------+-----------+-------------+
| container2 | RUNNING | 10.37.77.3 (eth0)   | fd42:bd9:f08f:124:216:3eff:fead:f605 (eth0)   | CONTAINER       | 0         | microcloud3 |
+------------+---------+---------------------+-----------------------------------------------+-----------------+-----------+-------------+
| vm1        | RUNNING | 10.37.77.4 (enp5s0) | fd42:bd9:f08f:124:216:3eff:fe6e:c012 (enp5s0) | VIRTUAL-MACHINE | 0         | microcloud2 |
+------------+---------+---------------------+-----------------------------------------------+-----------------+-----------+-------------+
netlabadmin@microcloud1:~$ lxc exec container1 bash
root@container1:~# ping www.google.de
PING www.google.de (142.250.74.195) 56(84) bytes of data.
64 bytes from fra24s02-in-f3.1e100.net (142.250.74.195): icmp_seq=1 ttl=58 time=5.02 ms
64 bytes from fra24s02-in-f3.1e100.net (142.250.74.195): icmp_seq=2 ttl=58 time=3.45 ms
^C
--- www.google.de ping statistics ---
2 packets transmitted, 2 received, 0% packet loss, time 1001ms
rtt min/avg/max/mdev = 3.447/4.235/5.024/0.788 ms
root@container1:~# exit
exit
netlabadmin@microcloud1:~$ ./launch-u5 
Creating u5
Starting u5
netlabadmin@microcloud1:~$ lxc list
+------------+---------+---------------------+-----------------------------------------------+-----------------+-----------+-------------+
|    NAME    |  STATE  |        IPV4         |                     IPV6                      |      TYPE       | SNAPSHOTS |  LOCATION   |
+------------+---------+---------------------+-----------------------------------------------+-----------------+-----------+-------------+
| container1 | RUNNING | 10.37.77.2 (eth0)   | fd42:bd9:f08f:124:216:3eff:feb7:20dc (eth0)   | CONTAINER       | 0         | microcloud1 |
+------------+---------+---------------------+-----------------------------------------------+-----------------+-----------+-------------+
| container2 | RUNNING | 10.37.77.3 (eth0)   | fd42:bd9:f08f:124:216:3eff:fead:f605 (eth0)   | CONTAINER       | 0         | microcloud3 |
+------------+---------+---------------------+-----------------------------------------------+-----------------+-----------+-------------+
| u5         | RUNNING | 10.37.77.5 (eth0)   | fd42:bd9:f08f:124:216:3eff:fee4:bdf3 (eth0)   | CONTAINER       | 0         | microcloud1 |
+------------+---------+---------------------+-----------------------------------------------+-----------------+-----------+-------------+
| vm1        | RUNNING | 10.37.77.4 (enp5s0) | fd42:bd9:f08f:124:216:3eff:fe6e:c012 (enp5s0) | VIRTUAL-MACHINE | 0         | microcloud2 |
+------------+---------+---------------------+-----------------------------------------------+-----------------+-----------+-------------+
netlabadmin@microcloud1:~$ lxc exec u5 bash
root@u5:~# tail -f /var/log/cloud-init-output.log 
Get:45 http://security.ubuntu.com/ubuntu noble-security/multiverse Translation-en [2808 B]
Get:46 http://archive.ubuntu.com/ubuntu noble-backports/universe amd64 c-n-f Metadata [1104 B]
Get:47 http://security.ubuntu.com/ubuntu noble-security/multiverse amd64 Components [212 B]
Get:48 http://archive.ubuntu.com/ubuntu noble-backports/restricted amd64 Components [216 B]
Get:49 http://archive.ubuntu.com/ubuntu noble-backports/restricted amd64 c-n-f Metadata [116 B]
Get:50 http://security.ubuntu.com/ubuntu noble-security/multiverse amd64 c-n-f Metadata [344 B]
Get:51 http://archive.ubuntu.com/ubuntu noble-backports/multiverse amd64 Components [212 B]
Get:52 http://archive.ubuntu.com/ubuntu noble-backports/multiverse amd64 c-n-f Metadata [116 B]
Fetched 30.4 MB in 4s (7367 kB/s)
Reading package lists...
Reading package lists...
Building dependency tree...
Reading state information...
The following additional packages will be installed:
  nginx-common
Suggested packages:
  fcgiwrap nginx-doc ssl-cert
The following NEW packages will be installed:
  nginx nginx-common
0 upgraded, 2 newly installed, 0 to remove and 17 not upgraded.
Need to get 552 kB of archives.
After this operation, 1596 kB of additional disk space will be used.
Get:1 http://archive.ubuntu.com/ubuntu noble-updates/main amd64 nginx-common all 1.24.0-2ubuntu7.1 [31.2 kB]
Get:2 http://archive.ubuntu.com/ubuntu noble-updates/main amd64 nginx amd64 1.24.0-2ubuntu7.1 [521 kB]
Preconfiguring packages ...
Fetched 552 kB in 0s (3372 kB/s)
Selecting previously unselected package nginx-common.
(Reading database ... 34495 files and directories currently installed.)
Preparing to unpack .../nginx-common_1.24.0-2ubuntu7.1_all.deb ...
Unpacking nginx-common (1.24.0-2ubuntu7.1) ...
Selecting previously unselected package nginx.
Preparing to unpack .../nginx_1.24.0-2ubuntu7.1_amd64.deb ...
Unpacking nginx (1.24.0-2ubuntu7.1) ...
Setting up nginx (1.24.0-2ubuntu7.1) ...
Setting up nginx-common (1.24.0-2ubuntu7.1) ...
Created symlink /etc/systemd/system/multi-user.target.wants/nginx.service → /usr/lib/systemd/system/nginx.service.
Processing triggers for ufw (0.36.2-6) ...
Processing triggers for man-db (2.12.0-4build2) ...

No services need to be restarted.

No containers need to be restarted.

No user sessions are running outdated binaries.

No VM guests are running outdated hypervisor (qemu) binaries on this host.
Cloud-init v. 24.3.1-0ubuntu0~24.04.2 finished at Fri, 25 Oct 2024 19:50:25 +0000. Datasource DataSourceLXD.  Up 46.35 seconds
^C
netlabadmin@microcloud1:~$ lxc exec u5 bash
root@u5:~# ps aux | grep nginx
root        1010  0.0  0.0  11156   972 ?        Ss   19:50   0:00 nginx: master process /usr/sbin/nginx -g daemon on; master_process on;
www-data    1011  0.0  0.0  12880  4104 ?        S    19:50   0:00 nginx: worker process
www-data    1012  0.0  0.0  12880  4104 ?        S    19:50   0:00 nginx: worker process
www-data    1013  0.0  0.0  12880  4104 ?        S    19:50   0:00 nginx: worker process
www-data    1014  0.0  0.0  12880  4104 ?        S    19:50   0:00 nginx: worker process
www-data    1015  0.0  0.0  12880  4104 ?        S    19:50   0:00 nginx: worker process
www-data    1016  0.0  0.0  12880  4104 ?        S    19:50   0:00 nginx: worker process
www-data    1017  0.0  0.0  12880  4104 ?        S    19:50   0:00 nginx: worker process
www-data    1018  0.0  0.0  12880  4104 ?        S    19:50   0:00 nginx: worker process
root        1102  0.0  0.0   7076  2044 pts/1    S+   19:52   0:00 grep --color=auto nginx
root@u5:~# 


